comprehensive.md:6:27 [warn] semicolon: semicolon in prose, prefer a full stop
comprehensive.md:8:23 [error] em-dash: em dash in prose, use a colon, comma, parentheses, or two sentences
comprehensive.md:8:44 [error] section-sign: section sign, write 'section'
comprehensive.md:10:20 [error] middle-dot: middle dot or bullet in prose, join the items with a comma or plain words
comprehensive.md:10:40 [error] middle-dot: middle dot or bullet in prose, join the items with a comma or plain words
comprehensive.md:10:57 [error] middle-dot: middle dot or bullet in prose, join the items with a comma or plain words
comprehensive.md:12:11 [error] em-dash: em dash as an HTML entity, write it out plainly
comprehensive.md:12:23 [error] em-dash: em dash as an HTML entity, write it out plainly
comprehensive.md:12:35 [error] em-dash: em dash as an HTML entity, write it out plainly
comprehensive.md:12:48 [error] section-sign: section sign as an HTML entity, write 'section'
comprehensive.md:12:59 [error] section-sign: section sign as an HTML entity, write 'section'
comprehensive.md:12:70 [error] section-sign: section sign as an HTML entity, write 'section'
comprehensive.md:14:16 [error] middle-dot: middle dot or bullet as an HTML entity, join the items with a comma or plain words
comprehensive.md:14:29 [error] middle-dot: middle dot or bullet as an HTML entity, join the items with a comma or plain words
comprehensive.md:14:41 [error] middle-dot: middle dot or bullet as an HTML entity, join the items with a comma or plain words
comprehensive.md:14:52 [error] middle-dot: middle dot or bullet as an HTML entity, join the items with a comma or plain words
comprehensive.md:14:63 [error] middle-dot: middle dot or bullet as an HTML entity, join the items with a comma or plain words
comprehensive.md:14:75 [error] middle-dot: middle dot or bullet as an HTML entity, join the items with a comma or plain words
comprehensive.md:16:15 [error] em-dash: em dash in prose, use a colon, comma, parentheses, or two sentences
comprehensive.md:16:20 [error] em-dash: em dash in prose, use a colon, comma, parentheses, or two sentences
comprehensive.md:18:3 [warn] bold-bullet-lead: bolded bullet lead, reserve bold for a rare callout not a per-item label
comprehensive.md:21:4 [warn] bold-bullet-lead: bolded bullet lead, reserve bold for a rare callout not a per-item label
comprehensive.md:23:6 [warn] filler-verb: filler verb, use a plain verb or cut
comprehensive.md:23:20 [warn] filler-verb: filler verb, use a plain verb or cut
comprehensive.md:23:32 [warn] filler-verb: filler verb, use a plain verb or cut
comprehensive.md:25:3 [warn] marketing-adjective: marketing adjective, say what is true
comprehensive.md:25:13 [warn] marketing-adjective: marketing adjective, say what is true
comprehensive.md:25:21 [warn] marketing-adjective: marketing adjective, say what is true
comprehensive.md:27:1 [warn] throat-clearing: throat-clearing or transition opener, start with the point
comprehensive.md:29:1 [warn] throat-clearing: throat-clearing or transition opener, start with the point
comprehensive.md:29:21 [warn] vague-intensifier: vague intensifier with no number behind it
comprehensive.md:29:26 [warn] vague-intensifier: vague intensifier with no number behind it
comprehensive.md:29:33 [warn] vague-intensifier: vague intensifier with no number behind it
comprehensive.md:29:39 [warn] vague-intensifier: vague intensifier with no number behind it
comprehensive.md:31:9 [warn] not-just-x-but-y: "not just X but Y" padding, make the point once
comprehensive.md:33:12 [warn] emoji: emoji or decorative checkmark in body text
comprehensive.md:33:31 [warn] emoji: emoji or decorative checkmark in body text
comprehensive.md:33:44 [warn] emoji: emoji or decorative checkmark in body text
comprehensive.md:49:9 [error] em-dash: em dash in prose, use a colon, comma, parentheses, or two sentences
comprehensive.md:49:17 [warn] filler-verb: filler verb, use a plain verb or cut
